// Jest Snapshot v1, https://goo.gl/fbAQLP

exports[`App should render correctly 1`] = `
<div
  className="App"
>
  <BrowserRouter>
    <Header />
    <Switch>
      <Route
        exact={true}
        path="/"
      >
        <Redirect
          to="/employees"
        />
      </Route>
      <Route
        component={[Function]}
        exact={true}
        path="/employees"
      />
    </Switch>
  </BrowserRouter>
</div>
`;
